[
  {
    "ts": "2024-01-01 10:00:00.000001+00:00",
    "type": "placed",
    "order_id": "1",
    "order": "Order(contract=Contract(symbol='AAA', sec_type='STK', currency='USD', exchange='SMART', con_id=1), side=<OrderSide.SELL: 'SELL'>, quantity=10, order_type=<OrderType.MARKET: 'MKT'>, tif=<TimeInForce.DAY: 'DAY'>, route=<OrderRoute.SMART: 'SMART'>, limit_price=None, rth=<RTH.ALL_HOURS: 0>)"
  },
  {
    "ts": "2024-01-01 10:00:00.000003+00:00",
    "type": "filled",
    "order_id": "1",
    "fill": "Fill(contract=Contract(symbol='AAA', sec_type='STK', currency='USD', exchange='SMART', con_id=1), side=<OrderSide.SELL: 'SELL'>, quantity=5.0, price=99.0, timestamp=FakeDatetime(2024, 1, 1, 10, 0, 0, 2, tzinfo=datetime.timezone.utc), order_id=None)"
  },
  {
    "ts": "2024-01-01 10:00:00.000004+00:00",
    "type": "canceled",
    "order_id": "1",
    "order": "Order(contract=Contract(symbol='AAA', sec_type='STK', currency='USD', exchange='SMART', con_id=1), side=<OrderSide.SELL: 'SELL'>, quantity=5.0, order_type=<OrderType.MARKET: 'MKT'>, tif=<TimeInForce.DAY: 'DAY'>, route=<OrderRoute.SMART: 'SMART'>, limit_price=None, rth=<RTH.ALL_HOURS: 0>)"
  }
]