symbol,side,filled_shares,avg_price,notional,avg_slippage,residual_drift_bps
AAA,SELL,-5.0,99.0,-495.0,0.0,-5000.0
