NetLiq,1000.00
Cash USD,0.00
Cash Buffer,0.00

symbol,target_pct,current_pct,drift_bps,price,dollar_delta,share_delta,side,est_notional,reason
AAA,0.0,100.0,-10000.0,100.0,-1000.0,-10.0,SELL,-1000.0,
TOTAL,0.0,100.0,-10000.0,,-1000.0,,,-1000.0,
