symbol,side,filled_shares,avg_price,notional,residual_drift_bps
AAA,BUY,99.0,110.0,10890.0,44.3
