symbol,side,filled_shares,avg_price,notional,residual_drift_bps
BBB,BUY,49.0,50.5,2474.5,21.57
AAA,BUY,74.0,100.5,7437.0,36.93
