NetLiq,8500.00
Cash USD,500.00
Cash Buffer,5.00

symbol,target_pct,current_pct,drift_bps,price,dollar_delta,share_delta,side,est_notional,reason
AAA,75.0,70.63,437.02,100.0,371.47,3.7147,BUY,371.47,
BBB,25.0,23.54,145.67,50.0,123.82,2.4764,BUY,123.82,
TOTAL,100.0,94.17,582.69,,495.29,,,495.29,
