NetLiq,15000.00
Cash USD,10000.00
Cash Buffer,100.00

symbol,target_pct,current_pct,drift_bps,price,dollar_delta,share_delta,side,est_notional,reason
AAA,100.0,33.56,6644.3,100.0,9966.44,99.6644,BUY,9966.44,
TOTAL,100.0,33.56,6644.3,,9966.44,,,9966.44,
