NetLiq,10000.00
Cash USD,10000.00
Cash Buffer,100.00

symbol,target_pct,current_pct,drift_bps,price,dollar_delta,share_delta,side,est_notional,reason
AAA,100.0,0.0,10000.0,100.0,10000.0,100.0,BUY,10000.0,
TOTAL,100.0,0.0,10000.0,,10000.0,,,10000.0,
