NetLiq,50.00
Cash USD,50.00
Cash Buffer,0.50

symbol,target_pct,current_pct,drift_bps,price,dollar_delta,share_delta,side,est_notional,reason
AAA,100.0,0.0,10000.0,100.0,50.0,0.5,BUY,50.0,
TOTAL,100.0,0.0,10000.0,,50.0,,,50.0,
