symbol,side,filled_shares,avg_price,notional,avg_slippage,residual_drift_bps
BBB,BUY,11.0,51.0,561.0,0.0,1.41
AAA,BUY,43.0,101.0,4343.0,0.0,82.69
