symbol,side,filled_shares,avg_price,notional,residual_drift_bps
BBB,BUY,1.0,51.0,51.0,-10.06
AAA,BUY,1.0,101.0,101.0,-60.36
