symbol,side,filled_shares,avg_price,notional,residual_drift_bps
AAA,BUY,99.0,101.0,9999.0,44.3
