symbol,side,filled_shares,avg_price,notional,avg_slippage,residual_drift_bps
AAA,BUY,100.0,10.0,1000.0,0.5,900.0
BBB,SELL,-50.0,20.0,-1000.0,-0.5,-900.0
