[
  {
    "ts": "2024-01-01 10:00:00.000001+00:00",
    "type": "placed",
    "order_id": "1",
    "order": "Order(contract=Contract(symbol='AAA', sec_type='STK', currency='USD', exchange='SMART', con_id=1), side=<OrderSide.BUY: 'BUY'>, quantity=1000.05, order_type=<OrderType.LIMIT: 'LMT'>, tif=<TimeInForce.DAY: 'DAY'>, route=<OrderRoute.SMART: 'SMART'>, limit_price=100.5, rth=<RTH.RTH_ONLY: 1>)"
  },
  {
    "ts": "2024-01-01 10:00:00.000003+00:00",
    "type": "filled",
    "order_id": "1",
    "fill": "Fill(contract=Contract(symbol='AAA', sec_type='STK', currency='USD', exchange='SMART', con_id=1), side=<OrderSide.BUY: 'BUY'>, quantity=1000.05, price=100.5, timestamp=FakeDatetime(2024, 1, 1, 10, 0, 0, 2, tzinfo=datetime.timezone.utc), order_id='1')"
  }
]