symbol,side,filled_shares,avg_price,notional,avg_slippage,residual_drift_bps
AAA,BUY,1000.05,100.5,100505.02,0.0,0.0
