[
  {
    "ts": "2024-01-01 10:00:00.000001+00:00",
    "type": "placed",
    "order_id": "1",
    "order": "Order(contract=Contract(symbol='USD', sec_type='CASH', currency='CAD', exchange='IDEALPRO', con_id=1), side=<OrderSide.BUY: 'BUY'>, quantity=65.12, order_type=<OrderType.MARKET: 'MKT'>, tif=<TimeInForce.DAY: 'DAY'>, route=<OrderRoute.SMART: 'SMART'>, limit_price=None, rth=<RTH.RTH_ONLY: 1>)"
  },
  {
    "ts": "2024-01-01 10:00:00.000003+00:00",
    "type": "filled",
    "order_id": "1",
    "fill": "Fill(contract=Contract(symbol='USD', sec_type='CASH', currency='CAD', exchange='IDEALPRO', con_id=1), side=<OrderSide.BUY: 'BUY'>, quantity=65.12, price=1.36, timestamp=FakeDatetime(2024, 1, 1, 10, 0, 0, 2, tzinfo=datetime.timezone.utc), order_id='1')"
  },
  {
    "ts": "2024-01-01 10:00:00.000004+00:00",
    "type": "placed",
    "order_id": "2",
    "order": "Order(contract=Contract(symbol='BBB', sec_type='STK', currency='USD', exchange='SMART', con_id=2), side=<OrderSide.SELL: 'SELL'>, quantity=18, order_type=<OrderType.LIMIT: 'LMT'>, tif=<TimeInForce.DAY: 'DAY'>, route=<OrderRoute.SMART: 'SMART'>, limit_price=49.0, rth=<RTH.RTH_ONLY: 1>)"
  },
  {
    "ts": "2024-01-01 10:00:00.000006+00:00",
    "type": "filled",
    "order_id": "2",
    "fill": "Fill(contract=Contract(symbol='BBB', sec_type='STK', currency='USD', exchange='SMART', con_id=2), side=<OrderSide.SELL: 'SELL'>, quantity=18, price=49.0, timestamp=FakeDatetime(2024, 1, 1, 10, 0, 0, 5, tzinfo=datetime.timezone.utc), order_id='2')"
  },
  {
    "ts": "2024-01-01 10:00:00.000007+00:00",
    "type": "placed",
    "order_id": "3",
    "order": "Order(contract=Contract(symbol='AAA', sec_type='STK', currency='USD', exchange='SMART', con_id=3), side=<OrderSide.BUY: 'BUY'>, quantity=17, order_type=<OrderType.LIMIT: 'LMT'>, tif=<TimeInForce.DAY: 'DAY'>, route=<OrderRoute.SMART: 'SMART'>, limit_price=101.0, rth=<RTH.RTH_ONLY: 1>)"
  },
  {
    "ts": "2024-01-01 10:00:00.000009+00:00",
    "type": "filled",
    "order_id": "3",
    "fill": "Fill(contract=Contract(symbol='AAA', sec_type='STK', currency='USD', exchange='SMART', con_id=3), side=<OrderSide.BUY: 'BUY'>, quantity=17, price=101.0, timestamp=FakeDatetime(2024, 1, 1, 10, 0, 0, 8, tzinfo=datetime.timezone.utc), order_id='3')"
  }
]