[
  {
    "ts": "2024-01-01 10:00:00.000001+00:00",
    "type": "placed",
    "order_id": "1",
    "order": "Order(contract=Contract(symbol='BBB', sec_type='STK', currency='USD', exchange='SMART', con_id=1), side=<OrderSide.SELL: 'SELL'>, quantity=20, order_type=<OrderType.LIMIT: 'LMT'>, tif=<TimeInForce.DAY: 'DAY'>, route=<OrderRoute.SMART: 'SMART'>, limit_price=49.0, rth=<RTH.RTH_ONLY: 1>)"
  },
  {
    "ts": "2024-01-01 10:00:00.000002+00:00",
    "type": "placed",
    "order_id": "2",
    "order": "Order(contract=Contract(symbol='AAA', sec_type='STK', currency='USD', exchange='SMART', con_id=2), side=<OrderSide.SELL: 'SELL'>, quantity=40, order_type=<OrderType.LIMIT: 'LMT'>, tif=<TimeInForce.DAY: 'DAY'>, route=<OrderRoute.SMART: 'SMART'>, limit_price=99.0, rth=<RTH.RTH_ONLY: 1>)"
  },
  {
    "ts": "2024-01-01 10:00:00.000004+00:00",
    "type": "filled",
    "order_id": "1",
    "fill": "Fill(contract=Contract(symbol='BBB', sec_type='STK', currency='USD', exchange='SMART', con_id=1), side=<OrderSide.SELL: 'SELL'>, quantity=20, price=49.0, timestamp=FakeDatetime(2024, 1, 1, 10, 0, 0, 3, tzinfo=datetime.timezone.utc), order_id='1')"
  },
  {
    "ts": "2024-01-01 10:00:00.000006+00:00",
    "type": "filled",
    "order_id": "2",
    "fill": "Fill(contract=Contract(symbol='AAA', sec_type='STK', currency='USD', exchange='SMART', con_id=2), side=<OrderSide.SELL: 'SELL'>, quantity=40, price=99.0, timestamp=FakeDatetime(2024, 1, 1, 10, 0, 0, 5, tzinfo=datetime.timezone.utc), order_id='2')"
  }
]