symbol,side,filled_shares,avg_price,notional,avg_slippage,residual_drift_bps
BBB,SELL,-20.0,49.0,-980.0,0.0,22.08
AAA,SELL,-40.0,99.0,-3960.0,0.0,88.3
