symbol,side,filled_shares,avg_price,notional,residual_drift_bps
AAA,BUY,8.0,101.0,808.0,-800.0
