NetLiq,740.74
Cash CAD,1000.00
Cash USD,740.74
Cash Buffer,7.41

symbol,target_pct,current_pct,drift_bps,price,dollar_delta,share_delta,side,est_notional,reason
AAA,100.0,0.0,10000.0,100.0,740.74,7.4074,BUY,740.74,
TOTAL,100.0,0.0,10000.0,,740.74,,,740.74,
